[mdx] Fatal error: File "test-case.md", lines 21-23: invalid code block: `pif` is not a valid label.
