[mdx] Fatal error: File "test-case.md", lines 4-6: invalid code block: `pif` is not a valid label.
[mdx] Fatal error: File "test-case.md", lines 8-10: invalid code block: `foo` is not a valid label.
