[mdx] Fatal error: File "test-case.md", lines 3-8: invalid code block: cannot mix both block labels syntax
